---
http_interactions:
- request:
    method: post
    uri: https://<HOST>/payment/EntryTran.idPass
    body:
      encoding: Windows-31J
      string: OrderID=1362106775&JobCd=AUTH&Amount=100&ShopID=<SHOP_ID>&ShopPass=<SHOP_PASS>
    headers:
      Accept:
      - ! '*/*'
      User-Agent:
      - Ruby
  response:
    status:
      code: 200
      message: OK
    headers:
      Date:
      - Fri, 01 Mar 2013 02:59:35 GMT
      Connection:
      - close
      Content-Type:
      - text/plain;charset=Windows-31J
      Transfer-Encoding:
      - chunked
    body:
      encoding: US-ASCII
      string: AccessID=675a12f12bb3bbf57aeb67acabfccecf&AccessPass=63144577f7f84c800fa2001cb7495f34
    http_version: 
  recorded_at: Fri, 01 Mar 2013 02:59:35 GMT
- request:
    method: post
    uri: https://<HOST>/payment/ExecTran.idPass
    body:
      encoding: Windows-31J
      string: AccessID=675a12f12bb3bbf57aeb67acabfccecf&AccessPass=63144577f7f84c800fa2001cb7495f34&OrderID=1362106775&Method=1&PayTimes=1&CardNo=4111111111111111&Expire=1405&HttpAccept=null&HttpUserAgent=null&DeviceCategory=0&ClientField1=null&ClientField2=null&ClientField3=null&ClientFieldFlag=0&ShopID=<SHOP_ID>&ShopPass=<SHOP_PASS>
    headers:
      Accept:
      - ! '*/*'
      User-Agent:
      - Ruby
  response:
    status:
      code: 200
      message: OK
    headers:
      Date:
      - Fri, 01 Mar 2013 02:59:36 GMT
      Connection:
      - close
      Content-Type:
      - text/plain;charset=Windows-31J
      Transfer-Encoding:
      - chunked
    body:
      encoding: US-ASCII
      string: ACS=0&OrderID=1362106775&Forward=2a99662&Method=1&PayTimes=&Approve=6416261&TranID=1303011158111111111111198881&TranDate=20130301115936&CheckString=80fa168870356d57d4e3a755a940dbaf
    http_version: 
  recorded_at: Fri, 01 Mar 2013 02:59:36 GMT
- request:
    method: post
    uri: https://<HOST>/payment/AlterTran.idPass
    body:
      encoding: Windows-31J
      string: AccessID=675a12f12bb3bbf57aeb67acabfccecf&AccessPass=63144577f7f84c800fa2001cb7495f34&JobCd=SALES&Amount=100&ShopID=<SHOP_ID>&ShopPass=<SHOP_PASS>
    headers:
      Accept:
      - ! '*/*'
      User-Agent:
      - Ruby
  response:
    status:
      code: 200
      message: OK
    headers:
      Date:
      - Fri, 01 Mar 2013 02:59:36 GMT
      Connection:
      - close
      Content-Type:
      - text/plain;charset=Windows-31J
      Transfer-Encoding:
      - chunked
    body:
      encoding: US-ASCII
      string: AccessID=675a12f12bb3bbf57aeb67acabfccecf&AccessPass=63144577f7f84c800fa2001cb7495f34&Forward=2a99662&Approve=6416261&TranID=1303011158111111111111198881&TranDate=20130301115937
    http_version: 
  recorded_at: Fri, 01 Mar 2013 02:59:37 GMT
recorded_with: VCR 2.4.0
