---
http_interactions:
- request:
    method: post
    uri: https://<HOST>/payment/EntryTran.idPass
    body:
      encoding: Windows-31J
      string: OrderID=1362106777&JobCd=AUTH&Amount=100&ShopID=<SHOP_ID>&ShopPass=<SHOP_PASS>
    headers:
      Accept:
      - ! '*/*'
      User-Agent:
      - Ruby
  response:
    status:
      code: 200
      message: OK
    headers:
      Date:
      - Fri, 01 Mar 2013 02:59:37 GMT
      Connection:
      - close
      Content-Type:
      - text/plain;charset=Windows-31J
      Transfer-Encoding:
      - chunked
    body:
      encoding: US-ASCII
      string: AccessID=53423389f2059b97ab86faa87ccf5ebc&AccessPass=7e0c971d8b63bd6924f88caec7dd056a
    http_version: 
  recorded_at: Fri, 01 Mar 2013 02:59:37 GMT
- request:
    method: post
    uri: https://<HOST>/payment/ExecTran.idPass
    body:
      encoding: Windows-31J
      string: AccessID=53423389f2059b97ab86faa87ccf5ebc&AccessPass=7e0c971d8b63bd6924f88caec7dd056a&OrderID=1362106777&Method=1&PayTimes=1&CardNo=4111111111111111&Expire=1405&HttpAccept=null&HttpUserAgent=null&DeviceCategory=0&ClientField1=null&ClientField2=null&ClientField3=null&ClientFieldFlag=0&ShopID=<SHOP_ID>&ShopPass=<SHOP_PASS>
    headers:
      Accept:
      - ! '*/*'
      User-Agent:
      - Ruby
  response:
    status:
      code: 200
      message: OK
    headers:
      Date:
      - Fri, 01 Mar 2013 02:59:37 GMT
      Connection:
      - close
      Content-Type:
      - text/plain;charset=Windows-31J
      Transfer-Encoding:
      - chunked
    body:
      encoding: US-ASCII
      string: ACS=0&OrderID=1362106777&Forward=2a99662&Method=1&PayTimes=&Approve=6416262&TranID=1303011158111111111111198882&TranDate=20130301115938&CheckString=a2567a33f51c9e4f7e33c0d26e28dc9c
    http_version: 
  recorded_at: Fri, 01 Mar 2013 02:59:38 GMT
- request:
    method: post
    uri: https://<HOST>/payment/ChangeTran.idPass
    body:
      encoding: Windows-31J
      string: AccessID=53423389f2059b97ab86faa87ccf5ebc&AccessPass=7e0c971d8b63bd6924f88caec7dd056a&JobCd=AUTH&Amount=1000&ShopID=<SHOP_ID>&ShopPass=<SHOP_PASS>
    headers:
      Accept:
      - ! '*/*'
      User-Agent:
      - Ruby
  response:
    status:
      code: 200
      message: OK
    headers:
      Date:
      - Fri, 01 Mar 2013 02:59:38 GMT
      Connection:
      - close
      Content-Type:
      - text/plain;charset=Windows-31J
      Transfer-Encoding:
      - chunked
    body:
      encoding: US-ASCII
      string: AccessID=53423389f2059b97ab86faa87ccf5ebc&AccessPass=7e0c971d8b63bd6924f88caec7dd056a&Forward=2a99662&Approve=6416264&TranID=1303011158111111111111198884&TranDate=20130301115939
    http_version: 
  recorded_at: Fri, 01 Mar 2013 02:59:39 GMT
recorded_with: VCR 2.4.0
